// Jest Snapshot v1, https://goo.gl/fbAQLP

exports[`matches snapshot 1`] = `
<div
  className="container seccion-portafolio"
  id="curriculum"
>
  <div
    className="row texto-about"
    data-aos="fade"
  >
    <div
      className="col-lg-8  mx-auto"
    >
      <h2
        className="display-5"
      >
        <b>
        </b>
      </h2>
    </div>
  </div>
  <div
    className="row"
  >
    <div
      className="d-flex align-items-center col mx-auto list-group"
    >
      <a
        className="list-group-item list-group-item-action"
        data-aos="fade-right"
      >
        <div
          className="d-flex w-100 justify-content-between"
        >
          <h5
            className="mb-1"
          >
          </h5>
          <small
            className="text-muted"
          >
            2018
          </small>
        </div>
        <p
          className="mb-1"
        >
        </p>
        <small
          className="text-muted"
        >
        </small>
      </a>
      <a
        className="list-group-item list-group-item-action"
        data-aos="fade-right"
      >
        <div
          className="d-flex w-100 justify-content-between"
        >
          <h5
            className="mb-1"
          >
          </h5>
          <small
            className="text-muted"
          >
            2019-2023
          </small>
        </div>
        <p
          className="mb-1"
        >
        </p>
        <small
          className="text-muted"
        >
          Actualmente estudiando y especializandome en seguridad inform√°tica
        </small>
      </a>
      <a
        className="list-group-item list-group-item-action"
        data-aos="fade-right"
      >
        <div
          className="d-flex w-100 justify-content-between"
        >
          <h5
            className="mb-1"
          >
          </h5>
          <small
            className="text-muted"
          >
            2020
          </small>
        </div>
        <p
          className="mb-1"
        >
           
        </p>
        <small
          className="text-muted"
        >
        </small>
      </a>
      <a
        className="list-group-item list-group-item-action"
        data-aos="fade-right"
      >
        <div
          className="d-flex w-100 justify-content-between"
        >
          <h5
            className="mb-1"
          >
          </h5>
          <small
            className="text-muted"
          >
            2020
          </small>
        </div>
        <p
          className="mb-1"
        >
        </p>
        <small
          className="text-muted"
        >
        </small>
      </a>
      <a
        className="list-group-item list-group-item-action"
        data-aos="fade-right"
      >
        <div
          className="d-flex w-100 justify-content-between"
        >
          <h5
            className="mb-1"
          >
          </h5>
          <small
            className="text-muted"
          >
          </small>
        </div>
        <p
          className="mb-1"
        >
        </p>
        <small
          className="text-muted"
        >
        </small>
      </a>
      <a
        className="list-group-item list-group-item-action"
        data-aos="fade-right"
      >
        <div
          className="d-flex w-100 justify-content-between"
        >
          <h5
            className="mb-1"
          >
          </h5>
          <small
            className="text-muted"
          >
            
          </small>
        </div>
        <p
          className="mb-1"
        >
        </p>
        <small
          className="text-muted"
        >
        </small>
      </a>
    </div>
    <div
      className="d-flex align-items-center col mx-auto list-group"
    >
      <a
        className="list-group-item list-group-item-action"
        data-aos="fade-left"
      >
        <p
          className="mb-1"
        >
          Python
        </p>
        <div
          className="progress"
        >
          <div
            aria-valuemax="100"
            aria-valuemin="0"
            aria-valuenow="100"
            className="progress-bar progress-bar100"
            role="progressbar"
          />
        </div>
      </a>
      <a
        className="list-group-item list-group-item-action"
        data-aos="fade-left"
      >
        <p
          className="mb-1"
          data-testid="progress-text"
        >
          Java:
        </p>
        <div
          className="progress"
        >
          <div
            aria-valuemax="100"
            aria-valuemin="0"
            aria-valuenow="100"
            className="progress-bar progress-bar100"
            role="progressbar"
          />
        </div>
      </a>
      <a
        className="list-group-item list-group-item-action"
        data-aos="fade-left"
      >
        <p
          className="mb-1"
        >
          React
        </p>
        <div
          className="progress"
        >
          <div
            aria-valuemax="100"
            aria-valuemin="0"
            aria-valuenow="100"
            className="progress-bar progress-bar75"
            role="progressbar"
          />
        </div>
      </a>
      <a
        className="list-group-item list-group-item-action"
        data-aos="fade-left"
      >
        <p
          className="mb-1"
        >
        </p>
        <div
          className="progress"
        >
          <div
            aria-valuemax="100"
            aria-valuemin="0"
            aria-valuenow="100"
            className="progress-bar progress-bar85"
            role="progressbar"
          />
        </div>
      </a>
      <a
        className="list-group-item list-group-item-action"
        data-aos="fade-left"
      >
        <p
          className="mb-1"
        >
          Flutter:
        </p>
        <div
          className="progress"
        >
          <div
            aria-valuemax="100"
            aria-valuemin="0"
            aria-valuenow="55"
            className="progress-bar  progress-bar50"
            role="progressbar"
          />
        </div>
      </a>
      <a
        className="list-group-item list-group-item-action"
        data-aos="fade-left"
      >
        <p
          className="mb-1"
        >
          C++:
        </p>
        <div
          className="progress"
        >
          <div
            aria-valuemax="100"
            aria-valuemin="0"
            aria-valuenow="70"
            className="progress-bar progress-bar75"
            role="progressbar"
          />
        </div>
      </a>
      <a
        className="list-group-item list-group-item-action"
        data-aos="fade-left"
      >
        <p
          className="mb-1"
        >
          C#:
        </p>
        <div
          className="progress"
        >
          <div
            aria-valuemax="100"
            aria-valuemin="0"
            aria-valuenow="80"
            className="progress-bar progress-bar70"
            role="progressbar"
          />
        </div>
      </a>
      <a
        className="list-group-item list-group-item-action"
        data-aos="fade-left"
      >
        <p
          className="mb-1"
        >
          Kotlin:
        </p>
        <div
          className="progress"
        >
          <div
            aria-valuemax="100"
            aria-valuemin="0"
            aria-valuenow="55"
            className="progress-bar progress-bar85"
            role="progressbar"
          />
        </div>
      </a>
      <a
        className="list-group-item list-group-item-action"
        data-aos="fade-left"
      >
        <p
          className="mb-1"
        >
        </p>
        <div
          className="progress"
        >
          <div
            aria-valuemax="100"
            aria-valuemin="0"
            aria-valuenow="60"
            className="progress-bar progress-bar80"
            role="progressbar"
          />
        </div>
      </a>
      <a
        className="list-group-item list-group-item-action"
        data-aos="fade-left"
      >
        <p
          className="mb-1"
        >
          SQL:
        </p>
        <div
          className="progress"
        >
          <div
            aria-valuemax="100"
            aria-valuemin="0"
            aria-valuenow="100"
            className="progress-bar progress-bar100"
            role="progressbar"
          />
        </div>
      </a>
    </div>
  </div>
</div>
`;